{
  "output": "/root/autodl-tmp/gw-catalog/runs/real_gwtc34_lensing_search_20260629_full_o4/features/real_pair_observable_features.parquet",
  "n_events": 84,
  "n_pairs": 3486,
  "time_score_quantiles": {
    "0.0": -1.0540919303894043,
    "0.5": -0.48126354813575745,
    "0.9": 0.45704561471939087,
    "0.99": 1.6017893552780151,
    "1.0": 2.5411059856414795
  },
  "sky_score_quantiles": {
    "0.0": -690.7755126953125,
    "0.5": -3.4844714403152466,
    "0.9": -1.6618112921714783,
    "0.99": -0.7399482727050771,
    "1.0": -0.029082398861646652
  },
  "snr_score_quantiles": {
    "0.0": -0.9062731266021729,
    "0.5": -0.6525563597679138,
    "0.9": 0.946332573890686,
    "0.99": 1.3709222078323364,
    "1.0": 1.49741792678833
  }
}
